Start or switch to Bash:startbash.sh
Stop Bash:stopbash.sh force
Restart Bash:restartbash.sh force
Update Bash to the latest version (only if installed as a package):ph_update_pkg $PH_BASH_PKG_NAME
List all available options for Bash:confopts_ph.sh -p list -a Bash
View the current value of Bash option(s) (Variable expansion disabled):confopts_ph.sh -p prompt -a Bash -g
View the current value of Bash option(s) (Variable expansion enabled):confopts_ph.sh -p prompt -a Bash -g -r
Change the value of read-write Bash option(s) (Variable expansion disabled):confopts_ph.sh -p prompt -a Bash -s
Change the value of read-write Bash option(s) (Variable expansion enabled):confopts_ph.sh -p prompt -a Bash -s -r
Display help for Bash option(s) (Variable expansion disabled):confopts_ph.sh -p prompt -a Bash -d
Display help for Bash option(s) (Variable expansion enabled):confopts_ph.sh -p prompt -a Bash -d -r
Display TTY currently allocated to Bash:confapps_ph.sh -p tty -a Bash
Move Bash to another TTY:confapps_ph.sh -p move -a Bash -t prompt
XBOX360 controllers menu:ph_show_menu XBOX360
PS3 controllers menu:ph_show_menu PS3
PS4 controllers menu:ph_show_menu PS4
AppManagement menu:ph_show_menu AppManagement
Apps menu:ph_show_menu Apps
Controllers menu:ph_show_menu Controllers
Advanced menu:ph_show_menu Advanced
Main menu:ph_show_menu Main
Return to previous menu:return
