Show Emulationstation current state:ph_check_app_name -s -a Emulationstation | more
Start or switch to Emulationstation:startemul.sh | more
Stop Emulationstation:stopemul.sh force | more
Restart Emulationstation:restartemul.sh | more
Install Emulationstation and integrate with PieHelper:confapps_ph.sh -p int -a Emulationstation
Remove Emulationstation from PieHelper and uninstall:confapps_ph.sh -p rem -a Emulationstation
Configure Emulationstation (configures ALSA audio):confapps_ph.sh -p conf -a Emulationstation | more
List all available options for Emulationstation:confopts_ph.sh -p list -a Emulationstation | more
View the current value of Emulationstation option(s) (Variable expansion disabled):confopts_ph.sh -p prompt -a Emulationstation -g
View the current value of Emulationstation option(s) (Variable expansion enabled):confopts_ph.sh -p prompt -a Emulationstation -g -r
Change the value of read-write Emulationstation option(s) (Variable expansion disabled):confopts_ph.sh -p prompt -a Emulationstation -s
Change the value of read-write Emulationstation option(s) (Variable expansion enabled):confopts_ph.sh -p prompt -a Emulationstation -s -r
Set all Emulationstation options back to default:ph_set_all_options_to_default Emulationstation
Display help for Emulationstation option(s) (Variable expansion disabled):confopts_ph.sh -p prompt -a Emulationstation -d
Display help for Emulationstation option(s) (Variable expansion enabled):confopts_ph.sh -p prompt -a Emulationstation -d -r
Display TTY currently allocated to Emulationstation:confapps_ph.sh -p tty -a Emulationstation | more
Move Emulationstation to another TTY:confapps_ph.sh -p move -a Emulationstation -t prompt
Go to Main menu:ph_show_menu Main
Go to Apps menu:ph_show_menu Apps
Return to previous screen:return
