Run all OS configuration functions using stored default values:$PH_SUDO $PH_SCRIPTS_DIR/confoper_ph.sh -p all-usedef
Run all OS configuration functions interactively:$PH_SUDO $PH_SCRIPTS_DIR/confoper_ph.sh -p all -i
Run the 'create a new user/modify existing user' function interactively:$PH_SUDO $PH_SCRIPTS_DIR/confoper_ph.sh -p user -i
Run the 'create a new user/modify existing user' function using the stored default values:$PH_SUDO $PH_SCRIPTS_DIR/confoper_ph.sh -p user -a def
Run the 'create a public/private keypair for user' function interactively:$PH_SUDO $PH_SCRIPTS_DIR/confoper_ph.sh -p sshkey -i
Run the 'create a public/private keypair for user' function using the stored default values:$PH_SUDO $PH_SCRIPTS_DIR/confoper_ph.sh -p sshkey -t def
Run the 'configure system hostname' function interactively:$PH_SUDO $PH_SCRIPTS_DIR/confoper_ph.sh -p host -i
Run the 'configure system hostname' function using the stored default value:$PH_SUDO $PH_SCRIPTS_DIR/confoper_ph.sh -p host -n def
Run the 'configure memory amount that is exclusively reserved for the GPU' function interactively:$PH_SUDO $PH_SCRIPTS_DIR/confoper_ph.sh -p memsplit -i
Run the 'configure memory amount that is exclusively reserved for the GPU' function using the stored default value:$PH_SUDO $PH_SCRIPTS_DIR/confoper_ph.sh -p memsplit -m def
Run the 'configure audio channel' function interactively:$PH_SUDO $PH_SCRIPTS_DIR/confoper_ph.sh -p audio -i
Run the 'configure audio channel' function using the stored default value:$PH_SUDO $PH_SCRIPTS_DIR/confoper_ph.sh -p audio -c def
Run the 'configure system timezone' function interactively:$PH_SUDO $PH_SCRIPTS_DIR/confoper_ph.sh -p tzone -i
Run the 'configure system timezone' function using the stored default value:$PH_SUDO $PH_SCRIPTS_DIR/confoper_ph.sh -p tzone -z def
Run the 'configure default keyboard layout' function interactively:$PH_SUDO $PH_SCRIPTS_DIR/confoper_ph.sh -p keyb -i
Run the 'configure default keyboard layout' function using the stored default value:$PH_SUDO $PH_SCRIPTS_DIR/confoper_ph.sh -p keyb -k def
Run the 'configure default boot environment' function interactively:$PH_SUDO $PH_SCRIPTS_DIR/confoper_ph.sh -p bootenv -i
Run the 'configure default boot environment' function using the stored default value:$PH_SUDO $PH_SCRIPTS_DIR/confoper_ph.sh -p bootenv -e def
Run the 'wait for network on boot' function interactively:$PH_SUDO $PH_SCRIPTS_DIR/confoper_ph.sh -p netwait -i
Run the 'wait for network on boot' function using the stored default value:$PH_SUDO $PH_SCRIPTS_DIR/confoper_ph.sh -p netwait -w def
Run the 'configure system locale' function interactively:$PH_SUDO $PH_SCRIPTS_DIR/confoper_ph.sh -p locale -i
Run the 'configure system locale' function using the stored default value:$PH_SUDO $PH_SCRIPTS_DIR/confoper_ph.sh -p locale -f def
Run the 'configure overscan' function interactively:$PH_SUDO $PH_SCRIPTS_DIR/confoper_ph.sh -p overscan -i
Run the 'configure overscan' function using the stored default values:$PH_SUDO $PH_SCRIPTS_DIR/confoper_ph.sh -p overscan -b def -u def -l def -r def
Run the 'set state of SSH' function interactively:$PH_SUDO $PH_SCRIPTS_DIR/confoper_ph.sh -p ssh -i
Run the 'set state of SSH' function using the stored default value:$PH_SUDO $PH_SCRIPTS_DIR/confoper_ph.sh -p ssh -s def
Run the 'delete standard PI user' function interactively:$PH_SUDO $PH_SCRIPTS_DIR/confoper_ph.sh -p del_stduser -i
Run the 'delete standard PI user' function using the stored default value:$PH_SUDO $PH_SCRIPTS_DIR/confoper_ph.sh -p del_stduser -d def
Run the 'update system' function:$PH_SUDO $PH_SCRIPTS_DIR/confoper_ph.sh -p update
Run the 'reboot system' function:$PH_SUDO $PH_SCRIPTS_DIR/confoper_ph.sh -p boot
Go to OSdefaults submenu:ph_show_menu OSdefaults
Go to Main menu:ph_show_menu Main
Go to Apps menu:ph_show_menu Apps
Go to Controllers menu:ph_show_menu Controllers
Go to Advanced menu:ph_show_menu Advanced
Open Shell to home directory (Type 'CTRL-D' to return):cd;/bin/bash
Return to previous screen:return
