Show defaults for all OS configuration functions:"$PH_SUDO" "$PH_SCRIPTS_DIR"/confoper_ph.sh -p dispdef
Change defaults for all OS configuration functions:"$PH_SUDO" "$PH_SCRIPTS_DIR"/confoper_ph.sh -p savedef -i
Change default for 'create a new user' function:"$PH_SUDO" "$PH_SCRIPTS_DIR"/confoper_ph.sh -p savedef -i user
Change default for 'delete standard PI user' function:"$PH_SUDO" "$PH_SCRIPTS_DIR"/confoper_ph.sh -p savedef -i del_stduser
Change default for 'configure system hostname' function:$PH_SUDO" "$PH_SCRIPTS_DIR"/confoper_ph.sh -p savedef -i host
Change default for 'configure memory amount that is exclusively reserved for the GPU' function:"$PH_SUDO" "$PH_SCRIPTS_DIR"/confoper_ph.sh -p savedef -i memsplit
Change default for 'configure audio channel' function:"$PH_SUDO" "$PH_SCRIPTS_DIR"/confoper_ph.sh -p savedef -i audio
Change default for 'configure system timezone' function:"$PH_SUDO" "$PH_SCRIPTS_DIR"/confoper_ph.sh -p savedef -i tzone
Change default for 'configure default keyboard layout' function:"$PH_SUDO" "$PH_SCRIPTS_DIR"/confoper_ph.sh -p savedef -i keyb
Change default for 'configure default boot environment' function:"$PH_SUDO" "$PH_SCRIPTS_DIR"/confoper_ph.sh -p savedef -i bootenv
Change default for 'wait for network on boot' function:"$PH_SUDO" "$PH_SCRIPTS_DIR"/confoper_ph.sh -p savedef -i netwait
Change default for 'configure system locale' function:"$PH_SUDO" "$PH_SCRIPTS_DIR"/confoper_ph.sh -p savedef -i locale
Change default for 'set state of SSH' function:"$PH_SUDO" "$PH_SCRIPTS_DIR"/confoper_ph.sh -p savedef -i ssh
Change default for 'create a public/private keypair for user' function:"$PH_SUDO" "$PH_SCRIPTS_DIR"/confoper_ph.sh -p savedef -i sshkey
Change default for 'configure overscan' function:"$PH_SUDO" "$PH_SCRIPTS_DIR"/confoper_ph.sh -p savedef -i overscan
Go to 'Main' menu:ph_show_menu Main
Go to 'OS' menu:ph_show_menu OS
Open Shell to home directory (Type 'CTRL-D' to return):cd;/bin/bash
Return to previous screen:return
