Retain/Update value for the PieHelper user:confoper_ph.sh -p savedef -i user
Retain/Update value for the default raspberry user:confoper_ph.sh -p savedef -i user
Retain/Update value for the SSH keypair user:confoper_ph.sh -p savedef -i sshkey
Retain/Update value for the SSH status:confoper_ph.sh -p savedef -i ssh
Retain/Update value for the system hostname:confoper_ph.sh -p savedef -i host
Retain/Update value for the system timezone:confoper_ph.sh -p savedef -i tzone
Retain/Update value for the system locales:confoper_ph.sh -p savedef -i locale
Retain/Update value for the system audio channel:confoper_ph.sh -p savedef -i audio
Retain/Update value for the keyboard layout:confoper_ph.sh -p savedef -i keyb
Retain/Update value for the default boot environment:confoper_ph.sh -p savedef -i bootenv
Retain/Update value for the GPU-reserved memory:confoper_ph.sh -p savedef -i memsplit
Retain/Update value for wether to wait for network on boot:confoper_ph.sh -p savedef -i netwait
Retain/Update value for display overscan:confoper_ph.sh -p savedef -i overscan
Retain/Update all defaults:confoper_ph.sh -p savedef -i
List all retained values:confoper_ph.sh -p dispdef
Go to System:ph_show_menu System
Go to Main:ph_show_menu Main
Open a shell (Type 'CTRL-D' to return):cd;/bin/bash
Quit:break
Return to previous screen:return
